
> frontend@0.0.0 dev
> vite --host 127.0.0.1 --port 5173


  VITE v7.3.2  ready in 639 ms

  ➜  Local:   http://127.0.0.1:5173/
  ➜  press h + enter to show help
5:30:41 AM [vite] (client) hmr update /src/pages/qms/QmsAuditProgrammePageV2.tsx
5:30:47 AM [vite] (client) hmr update /src/pages/qms/QmsAuditProgrammePageV2.tsx
5:30:48 AM [vite] (client) hmr update /src/pages/qms/QmsAuditProgrammeSchedulePanel.tsx
5:31:11 AM [vite] (client) hmr update /src/pages/qms/QmsAuditProgrammePageV2.tsx
5:39:17 AM [vite] (client) hmr update /src/pages/qms/QmsCanonicalPage.tsx
5:40:32 AM [vite] (client) hmr update /src/pages/qms/QmsCanonicalPage.tsx
5:40:34 AM [vite] (client) hmr update /src/pages/qms/planner/QmsPlannerLivePage.tsx
5:40:37 AM [vite] (client) hmr update /src/pages/qms/planner/QmsPlannerPageV2.tsx
5:40:39 AM [vite] (client) hmr update /src/pages/qms/planner/QmsPlannerPageV2.tsx
5:40:40 AM [vite] (client) hmr update /src/pages/qms/planner/QmsPlannerPageV2.tsx
5:41:14 AM [vite] (client) hmr update /src/components/QMS/QualityContextTabs.tsx
5:41:14 AM [vite] (client) hmr update /src/components/QMS/QualityContextTabs.tsx
5:41:33 AM [vite] (client) hmr update /src/components/QMS/QualityContextTabs.tsx
5:41:57 AM [vite] (client) hmr update /src/pages/qms/QmsAuditProgrammeSchedulePanel.tsx, /src/pages/qms/QmsAuditProgrammePageV2.tsx
5:41:58 AM [vite] (client) hmr update /src/pages/qms/QmsAuditProgrammeSchedulePanel.tsx, /src/pages/qms/QmsAuditProgrammePageV2.tsx
5:42:20 AM [vite] (client) hmr update /src/components/QMS/QualityContextTabs.tsx
5:42:20 AM [vite] (client) hmr update /src/components/QMS/QualityContextTabs.tsx
5:42:43 AM [vite] (client) hmr update /src/pages/qms/QmsAuditProgrammePageV2.tsx
5:42:46 AM [vite] (client) hmr update /src/pages/qms/QmsAuditProgrammePageV2.tsx
5:42:56 AM [vite] (client) hmr update /src/pages/qms/QmsAuditProgrammePageV2.tsx
5:42:59 AM [vite] (client) hmr update /src/pages/qms/QmsAuditProgrammePageV2.tsx
5:43:21 AM [vite] (client) hmr update /src/pages/qms/QmsAuditProgrammePageV2.tsx
5:43:30 AM [vite] (client) hmr update /src/pages/qms/QmsAuditProgrammePageV2.tsx
5:43:34 AM [vite] (client) hmr update /src/pages/qms/QmsAuditProgrammePageV2.tsx
5:43:40 AM [vite] (client) hmr update /src/pages/qms/QmsAuditProgrammePageV2.tsx
5:43:52 AM [vite] (client) hmr update /src/pages/qms/QmsAuditProgrammePageV2.tsx
5:43:53 AM [vite] (client) hmr update /src/pages/qms/QmsAuditProgrammePageV2.tsx
5:45:02 AM [vite] (client) hmr update /src/pages/qms/QmsAuditProgrammePageV2.tsx
5:46:44 AM [vite] (client) hmr update /src/styles/qms-audit-programme-workflow.css
5:47:24 AM [vite] (client) hmr update /src/components/QMS/QualityContextTabs.tsx
5:47:24 AM [vite] (client) hmr update /src/components/QMS/QualityContextTabs.tsx
5:47:54 AM [vite] (client) hmr update /src/styles/qms-audit-programme-workflow.css
5:48:15 AM [vite] (client) hmr update /src/styles/qms-audit-programme-workflow.css
6:13:11 AM [vite] (client) hmr update /src/pages/qualityAudits/QualityAuditsSectionLayout.tsx
6:13:22 AM [vite] (client) hmr update /src/pages/qualityAudits/QualityAuditsSectionLayout.tsx
6:13:22 AM [vite] (client) hmr update /src/pages/qualityAudits/quality-audits-workspace.css
6:13:38 AM [vite] (client) hmr update /src/pages/qms/QmsAuditProgrammePageV2.tsx
6:13:51 AM [vite] (client) hmr update /src/pages/qms/QmsAuditProgrammePageV2.tsx
6:13:53 AM [vite] (client) hmr update /src/pages/qms/QmsAuditProgrammePageV2.tsx
6:14:13 AM [vite] (client) hmr update /src/pages/qms/QmsAuditProgrammePageV2.tsx
6:14:35 AM [vite] (client) hmr update /src/pages/qms/QmsAuditProgrammePageV2.tsx
6:14:36 AM [vite] (client) hmr update /src/pages/qms/QmsAuditProgrammePageV2.tsx
6:15:19 AM [vite] (client) hmr update /src/pages/qms/QmsAuditProgrammePageV2.tsx
6:15:24 AM [vite] (client) hmr update /src/pages/qms/QmsAuditProgrammePageV2.tsx
6:15:46 AM [vite] (client) hmr update /src/styles/qms-audit-programme-workflow.css
6:16:01 AM [vite] (client) hmr update /src/pages/qms/QmsAuditProgrammeSchedulePanel.tsx
6:16:01 AM [vite] (client) hmr update /src/pages/qms/QmsAuditProgrammeSchedulePanel.tsx
6:16:13 AM [vite] (client) hmr update /src/pages/qms/QmsAuditProgrammePageV2.tsx
6:16:14 AM [vite] (client) hmr update /src/pages/qms/QmsAuditProgrammePageV2.tsx
6:17:46 AM [vite] (client) hmr update /src/components/QMS/QualityChecklistTemplateHost.tsx
6:17:46 AM [vite] (client) hmr update /src/styles/qms-checklist-templates.css
6:17:58 AM [vite] (client) hmr update /src/pages/qualityAudits/quality-audits-workspace.css
6:17:58 AM [vite] (client) hmr update /src/pages/qms/QmsAuditProgrammeSchedulePanel.tsx
6:17:58 AM [vite] (client) hmr update /src/pages/qms/QmsCanonicalPage.tsx
6:18:43 AM [vite] (client) hmr update /src/pages/qms/QmsAuditProgrammePageV2.tsx
6:21:13 AM [vite] (client) hmr update /src/pages/qms/QmsAuditProgrammePageV2.tsx
6:29:44 AM [vite] (client) hmr update /src/pages/qualityAudits/QualityAuditsSectionLayout.tsx
6:29:54 AM [vite] (client) hmr update /src/pages/qualityAudits/QualityAuditsSectionLayout.tsx
6:30:17 AM [vite] (client) hmr update /src/pages/qualityAudits/quality-audits-workspace.css
6:30:17 AM [vite] (client) hmr update /src/pages/qualityAudits/QualityAuditAssuranceDashboardPage.tsx
6:30:29 AM [vite] (client) hmr update /src/pages/qualityAudits/quality-audit-dashboard.css
6:30:47 AM [vite] (client) hmr update /src/pages/qms/QmsAuditProgrammePageV2.tsx
6:30:48 AM [vite] (client) hmr update /src/pages/qms/QmsAuditProgrammePageV2.tsx
6:31:19 AM [vite] (client) hmr update /src/pages/qms/QmsAuditProgrammePageV2.tsx
6:31:20 AM [vite] (client) hmr update /src/pages/qualityAudits/QualityAuditAssuranceDashboardPage.tsx
6:31:26 AM [vite] (client) hmr update /src/pages/qualityAudits/QualityAuditAssuranceDashboardPage.tsx
6:31:26 AM [vite] (client) hmr update /src/styles/qms-audit-programme-workflow.css
6:32:06 AM [vite] (client) hmr update /src/styles/qms-audit-programme-workflow.css
6:43:13 AM [vite] (client) hmr update /src/router.tsx
6:43:16 AM [vite] (client) hmr update /src/pages/qualityAudits/quality-audit-dashboard.css
6:43:29 AM [vite] (client) hmr update /src/pages/qualityAudits/quality-audit-dashboard.css
6:51:59 AM [vite] (client) hmr update /src/pages/qms/QmsAuditProgrammeSchedulePanel.tsx
6:52:00 AM [vite] (client) hmr update /src/pages/qualityAudits/QualityAuditAssuranceDashboardPage.tsx
6:52:43 AM [vite] (client) hmr update /src/pages/qualityAudits/QualityAuditAssuranceDashboardPage.tsx
6:52:44 AM [vite] (client) hmr update /src/pages/qualityAudits/QualityAuditAssuranceDashboardPage.tsx
6:57:19 AM [vite] (client) hmr update /src/pages/qualityAudits/QualityAuditAssuranceDashboardPage.tsx
7:07:16 AM [vite] (client) hmr update /src/pages/qualityAudits/quality-audit-dashboard.css
7:07:17 AM [vite] (client) hmr update /src/pages/qualityAudits/quality-audit-dashboard.css
7:07:46 AM [vite] (client) hmr update /src/pages/qualityAudits/quality-audit-dashboard.css
7:07:48 AM [vite] (client) hmr update /src/pages/qualityAudits/quality-audit-dashboard.css
7:07:58 AM [vite] (client) hmr update /src/styles/qms-audit-programme-workflow.css
7:08:15 AM [vite] (client) hmr update /src/styles/qms-audit-programme-workflow.css
7:08:16 AM [vite] (client) hmr update /src/styles/qms-audit-programme-workflow.css
7:08:49 AM [vite] (client) hmr update /src/styles/qms-checklist-templates.css
7:09:36 AM [vite] (client) hmr update /src/components/QMS/QualityChecklistTemplateHost.tsx
7:09:50 AM [vite] (client) hmr update /src/components/QMS/QualityChecklistTemplateHost.tsx
7:09:53 AM [vite] (client) hmr update /src/styles/qms-checklist-templates.css
7:09:55 AM [vite] (client) hmr update /src/pages/qualityAudits/QualityAuditAssuranceDashboardPage.tsx
7:09:57 AM [vite] (client) hmr update /src/pages/qualityAudits/QualityAuditAssuranceDashboardPage.tsx
7:10:00 AM [vite] (client) hmr update /src/pages/qualityAudits/QualityAuditAssuranceDashboardPage.tsx
7:10:01 AM [vite] (client) hmr update /src/pages/qualityAudits/QualityAuditAssuranceDashboardPage.tsx
7:10:09 AM [vite] (client) hmr update /src/pages/qms/QmsAuditProgrammePageV2.tsx
7:10:12 AM [vite] (client) hmr update /src/pages/qms/QmsAuditProgrammePageV2.tsx
7:10:13 AM [vite] (client) hmr update /src/pages/qms/QmsAuditProgrammePageV2.tsx
7:10:15 AM [vite] (client) hmr update /src/pages/qms/QmsAuditProgrammePageV2.tsx
7:10:17 AM [vite] (client) hmr update /src/pages/qms/QmsAuditProgrammePageV2.tsx
7:10:19 AM [vite] (client) hmr update /src/pages/qms/QmsAuditProgrammePageV2.tsx
7:10:21 AM [vite] (client) hmr update /src/pages/qms/QmsAuditProgrammePageV2.tsx
7:10:22 AM [vite] (client) hmr update /src/pages/qms/QmsAuditProgrammePageV2.tsx
7:10:29 AM [vite] (client) hmr update /src/pages/qms/QmsAuditProgrammeSchedulePanel.tsx
7:10:31 AM [vite] (client) hmr update /src/pages/qms/QmsAuditProgrammeSchedulePanel.tsx
7:10:34 AM [vite] (client) hmr update /src/pages/QualityEvidenceViewerPage.tsx
7:10:34 AM [vite] (client) hmr update /src/pages/qualityAudits/quality-evidence-viewer.css
7:10:42 AM [vite] (client) hmr update /src/pages/qms/QmsAuditProgrammePageV2.tsx
7:10:42 AM [vite] (client) hmr update /src/pages/qualityAudits/QualityAuditRegisterPage.tsx
7:10:43 AM [vite] (client) hmr update /src/pages/QualityEvidenceViewerPage.tsx
7:10:44 AM [vite] (client) hmr update /src/pages/QualityEvidenceViewerPage.tsx
7:11:01 AM [vite] (client) hmr update /src/pages/qualityAudits/quality-evidence-viewer.css
7:11:02 AM [vite] (client) hmr update /src/pages/qualityAudits/QualityAuditAssuranceDashboardPage.tsx
7:11:07 AM [vite] (client) hmr update /src/pages/qms/QmsAuditProgrammePageV2.tsx
7:11:15 AM [vite] (client) hmr update /src/styles/qms-checklist-templates.css
7:11:16 AM [vite] (client) hmr update /src/styles/qms-audit-programme-workflow.css
7:12:38 AM [vite] (client) hmr update /src/styles/qms-audit-programme-workflow.css
7:12:38 AM [vite] (client) hmr update /src/styles/qms-audit-programme-workflow.css
7:13:50 AM [vite] (client) hmr update /src/router.tsx, /src/pages/qms/QmsRegisterPage.tsx, /src/components/Layout/DepartmentLayoutImpl.tsx, /src/pages/qualityAudits/QualityAuditAssuranceDashboardPage.tsx, /src/pages/qualityAudits/QualityAuditRegisterPage.tsx, /src/pages/qms/QmsNotFoundPage.tsx
7:14:12 AM [vite] (client) hmr update /src/router.tsx, /src/pages/qms/QmsRegisterPage.tsx, /src/components/Layout/DepartmentLayoutImpl.tsx, /src/pages/qualityAudits/QualityAuditAssuranceDashboardPage.tsx, /src/pages/qualityAudits/QualityAuditRegisterPage.tsx, /src/pages/qms/QmsNotFoundPage.tsx
7:16:07 AM [vite] (client) hmr update /src/router.tsx, /src/pages/qms/QmsRegisterPage.tsx, /src/components/Layout/DepartmentLayoutImpl.tsx, /src/pages/qualityAudits/QualityAuditAssuranceDashboardPage.tsx, /src/pages/qualityAudits/QualityAuditRegisterPage.tsx, /src/pages/qms/QmsNotFoundPage.tsx
7:23:28 AM [vite] (client) hmr update /src/pages/qualityAudits/quality-audit-dashboard.css
8:36:01 AM [vite] (client) hmr update /src/styles/auth.css
8:38:39 AM [vite] (client) hmr update /src/pages/qualityAudits/QualityAuditsSectionLayout.tsx
8:38:54 AM [vite] (client) hmr update /src/pages/qualityAudits/QualityAuditsSectionLayout.tsx
8:38:58 AM [vite] (client) hmr update /src/pages/qualityAudits/QualityAuditsSectionLayout.tsx
8:38:58 AM [vite] (client) hmr update /src/pages/qualityAudits/QualityAuditsSectionLayout.tsx
8:39:02 AM [vite] (client) hmr update /src/pages/qualityAudits/QualityAuditsSectionLayout.tsx
8:39:06 AM [vite] (client) hmr update /src/pages/qualityAudits/QualityAuditsSectionLayout.tsx
8:40:16 AM [vite] (client) hmr update /src/components/QMS/QualityContextTabs.tsx
8:40:16 AM [vite] (client) hmr update /src/features/qms/auditSession/AuditLifecycleRail.tsx
8:40:37 AM [vite] (client) hmr update /src/pages/qualityAudits/quality-audits-workspace.css
8:40:47 AM [vite] (client) hmr update /src/styles/qms-audit-session.css
8:40:48 AM [vite] (client) hmr update /src/styles/index.css
8:42:24 AM [vite] (client) hmr update /src/styles/index.css
8:46:51 AM [vite] (client) hmr update /src/features/qms/auditSession/AuditPrepareWorkspace.tsx
8:46:52 AM [vite] (client) hmr update /src/features/qms/auditSession/AuditPrepareWorkspace.tsx
8:47:09 AM [vite] (client) hmr update /src/features/qms/auditSession/AuditClosingWorkspace.tsx
8:47:11 AM [vite] (client) hmr update /src/features/qms/auditSession/AuditClosingWorkspace.tsx
8:47:15 AM [vite] (client) hmr update /src/features/qms/auditSession/LiveAuditWorkspace.tsx
8:47:18 AM [vite] (client) hmr update /src/features/qms/auditSession/LiveAuditWorkspace.tsx
8:47:21 AM [vite] (client) hmr update /src/features/qms/auditSession/AuditArchiveWorkspace.tsx
8:47:21 AM [vite] (client) hmr update /src/features/qms/auditSession/AuditArchiveWorkspace.tsx
8:47:58 AM [vite] (client) hmr update /src/pages/qualityAudits/QualityAuditsSectionLayout.tsx
8:48:57 AM [vite] (client) hmr update /src/pages/qualityAudits/QualityAuditsSectionLayout.tsx
8:49:31 AM [vite] (client) hmr update /src/pages/qualityAudits/QualityAuditsSectionLayout.tsx
8:49:32 AM [vite] (client) hmr update /src/styles/qms-audit-closing-workspace.css
8:49:34 AM [vite] (client) hmr update /src/styles/qms-audit-prepare-workspace.css
8:49:34 AM [vite] (client) hmr update /src/styles/qms-live-audit-workspace.css
8:50:00 AM [vite] (client) hmr update /src/pages/qualityAudits/QualityAuditsSectionLayout.tsx
8:50:01 AM [vite] (client) hmr update /src/styles/qms-audit-archive-workspace.css
8:56:21 AM [vite] (client) hmr update /src/features/qms/auditSession/AuditFollowUpWorkspace.tsx
8:56:25 AM [vite] (client) hmr update /src/features/qms/auditSession/AuditFollowUpWorkspace.tsx
8:56:27 AM [vite] (client) hmr update /src/pages/qualityAudits/QualityAuditsSectionLayout.tsx
8:56:28 AM [vite] (client) hmr update /src/pages/qualityAudits/QualityAuditsSectionLayout.tsx
8:56:29 AM [vite] (client) hmr update /src/pages/qualityAudits/QualityAuditsSectionLayout.tsx
8:56:51 AM [vite] (client) hmr update /src/features/qms/auditSession/AuditFollowUpWorkspace.tsx
8:57:00 AM [vite] (client) hmr update /src/styles/qms-live-audit-completion.css
